Archive member included to satisfy reference by file (symbol)

../libopencm3/lib/libopencm3_stm32f4.a(gpio_common_all.o)
                              /tmp/ccIH6QTL.o (gpio_set)
../libopencm3/lib/libopencm3_stm32f4.a(gpio_common_f0234.o)
                              /tmp/ccIH6QTL.o (gpio_mode_setup)
../libopencm3/lib/libopencm3_stm32f4.a(rcc_common_all.o)
                              /tmp/ccIH6QTL.o (rcc_periph_clock_enable)
../libopencm3/lib/libopencm3_stm32f4.a(vector.o)
                              (reset_handler)

Discarded input sections

 .group         0x0000000000000000        0xc ../libopencm3/lib/libopencm3_stm32f4.a(gpio_common_all.o)
 .group         0x0000000000000000        0xc ../libopencm3/lib/libopencm3_stm32f4.a(gpio_common_all.o)
 .group         0x0000000000000000        0xc ../libopencm3/lib/libopencm3_stm32f4.a(gpio_common_all.o)
 .group         0x0000000000000000        0xc ../libopencm3/lib/libopencm3_stm32f4.a(gpio_common_all.o)
 .group         0x0000000000000000        0xc ../libopencm3/lib/libopencm3_stm32f4.a(gpio_common_all.o)
 .group         0x0000000000000000        0xc ../libopencm3/lib/libopencm3_stm32f4.a(gpio_common_all.o)
 .group         0x0000000000000000        0xc ../libopencm3/lib/libopencm3_stm32f4.a(gpio_common_all.o)
 .group         0x0000000000000000        0xc ../libopencm3/lib/libopencm3_stm32f4.a(gpio_common_all.o)
 .group         0x0000000000000000        0xc ../libopencm3/lib/libopencm3_stm32f4.a(gpio_common_all.o)
 .group         0x0000000000000000        0xc ../libopencm3/lib/libopencm3_stm32f4.a(gpio_common_all.o)
 .group         0x0000000000000000        0xc ../libopencm3/lib/libopencm3_stm32f4.a(gpio_common_f0234.o)
 .group         0x0000000000000000        0xc ../libopencm3/lib/libopencm3_stm32f4.a(gpio_common_f0234.o)
 .group         0x0000000000000000        0xc ../libopencm3/lib/libopencm3_stm32f4.a(gpio_common_f0234.o)
 .group         0x0000000000000000        0xc ../libopencm3/lib/libopencm3_stm32f4.a(gpio_common_f0234.o)
 .group         0x0000000000000000        0xc ../libopencm3/lib/libopencm3_stm32f4.a(gpio_common_f0234.o)
 .group         0x0000000000000000        0xc ../libopencm3/lib/libopencm3_stm32f4.a(gpio_common_f0234.o)
 .group         0x0000000000000000        0xc ../libopencm3/lib/libopencm3_stm32f4.a(gpio_common_f0234.o)
 .group         0x0000000000000000        0xc ../libopencm3/lib/libopencm3_stm32f4.a(gpio_common_f0234.o)
 .group         0x0000000000000000        0xc ../libopencm3/lib/libopencm3_stm32f4.a(gpio_common_f0234.o)
 .group         0x0000000000000000        0xc ../libopencm3/lib/libopencm3_stm32f4.a(gpio_common_f0234.o)
 .debug_macro   0x0000000000000000      0xa6c ../libopencm3/lib/libopencm3_stm32f4.a(gpio_common_f0234.o)
 .debug_macro   0x0000000000000000       0x1c ../libopencm3/lib/libopencm3_stm32f4.a(gpio_common_f0234.o)
 .debug_macro   0x0000000000000000      0x34e ../libopencm3/lib/libopencm3_stm32f4.a(gpio_common_f0234.o)
 .debug_macro   0x0000000000000000       0x22 ../libopencm3/lib/libopencm3_stm32f4.a(gpio_common_f0234.o)
 .debug_macro   0x0000000000000000       0xe8 ../libopencm3/lib/libopencm3_stm32f4.a(gpio_common_f0234.o)
 .debug_macro   0x0000000000000000       0x76 ../libopencm3/lib/libopencm3_stm32f4.a(gpio_common_f0234.o)
 .debug_macro   0x0000000000000000      0x280 ../libopencm3/lib/libopencm3_stm32f4.a(gpio_common_f0234.o)
 .debug_macro   0x0000000000000000       0x76 ../libopencm3/lib/libopencm3_stm32f4.a(gpio_common_f0234.o)
 .debug_macro   0x0000000000000000      0x37e ../libopencm3/lib/libopencm3_stm32f4.a(gpio_common_f0234.o)
 .debug_macro   0x0000000000000000       0xca ../libopencm3/lib/libopencm3_stm32f4.a(gpio_common_f0234.o)
 .group         0x0000000000000000        0xc ../libopencm3/lib/libopencm3_stm32f4.a(rcc_common_all.o)
 .group         0x0000000000000000        0xc ../libopencm3/lib/libopencm3_stm32f4.a(rcc_common_all.o)
 .group         0x0000000000000000        0xc ../libopencm3/lib/libopencm3_stm32f4.a(rcc_common_all.o)
 .group         0x0000000000000000        0xc ../libopencm3/lib/libopencm3_stm32f4.a(rcc_common_all.o)
 .group         0x0000000000000000        0xc ../libopencm3/lib/libopencm3_stm32f4.a(rcc_common_all.o)
 .group         0x0000000000000000        0xc ../libopencm3/lib/libopencm3_stm32f4.a(rcc_common_all.o)
 .group         0x0000000000000000        0xc ../libopencm3/lib/libopencm3_stm32f4.a(rcc_common_all.o)
 .group         0x0000000000000000        0xc ../libopencm3/lib/libopencm3_stm32f4.a(rcc_common_all.o)
 .group         0x0000000000000000        0xc ../libopencm3/lib/libopencm3_stm32f4.a(rcc_common_all.o)
 .group         0x0000000000000000        0xc ../libopencm3/lib/libopencm3_stm32f4.a(rcc_common_all.o)
 .debug_macro   0x0000000000000000      0xa6c ../libopencm3/lib/libopencm3_stm32f4.a(rcc_common_all.o)
 .debug_macro   0x0000000000000000       0x1c ../libopencm3/lib/libopencm3_stm32f4.a(rcc_common_all.o)
 .debug_macro   0x0000000000000000      0x34e ../libopencm3/lib/libopencm3_stm32f4.a(rcc_common_all.o)
 .debug_macro   0x0000000000000000       0x22 ../libopencm3/lib/libopencm3_stm32f4.a(rcc_common_all.o)
 .debug_macro   0x0000000000000000       0xe8 ../libopencm3/lib/libopencm3_stm32f4.a(rcc_common_all.o)
 .debug_macro   0x0000000000000000       0x76 ../libopencm3/lib/libopencm3_stm32f4.a(rcc_common_all.o)
 .debug_macro   0x0000000000000000      0x280 ../libopencm3/lib/libopencm3_stm32f4.a(rcc_common_all.o)
 .group         0x0000000000000000        0xc ../libopencm3/lib/libopencm3_stm32f4.a(vector.o)
 .group         0x0000000000000000        0xc ../libopencm3/lib/libopencm3_stm32f4.a(vector.o)
 .group         0x0000000000000000        0xc ../libopencm3/lib/libopencm3_stm32f4.a(vector.o)
 .group         0x0000000000000000        0xc ../libopencm3/lib/libopencm3_stm32f4.a(vector.o)
 .group         0x0000000000000000        0xc ../libopencm3/lib/libopencm3_stm32f4.a(vector.o)
 .group         0x0000000000000000        0xc ../libopencm3/lib/libopencm3_stm32f4.a(vector.o)
 .group         0x0000000000000000        0xc ../libopencm3/lib/libopencm3_stm32f4.a(vector.o)
 .group         0x0000000000000000        0xc ../libopencm3/lib/libopencm3_stm32f4.a(vector.o)
 .group         0x0000000000000000        0xc ../libopencm3/lib/libopencm3_stm32f4.a(vector.o)
 .debug_macro   0x0000000000000000      0xa6c ../libopencm3/lib/libopencm3_stm32f4.a(vector.o)
 .debug_macro   0x0000000000000000       0x76 ../libopencm3/lib/libopencm3_stm32f4.a(vector.o)
 .debug_macro   0x0000000000000000       0x1c ../libopencm3/lib/libopencm3_stm32f4.a(vector.o)
 .debug_macro   0x0000000000000000      0x34e ../libopencm3/lib/libopencm3_stm32f4.a(vector.o)
 .debug_macro   0x0000000000000000       0x22 ../libopencm3/lib/libopencm3_stm32f4.a(vector.o)
 .debug_macro   0x0000000000000000       0xe8 ../libopencm3/lib/libopencm3_stm32f4.a(vector.o)

Memory Configuration

Name             Origin             Length             Attributes
rom              0x0000000008000000 0x0000000000080000 xr
ram              0x0000000020000000 0x0000000000020000 xrw
*default*        0x0000000000000000 0xffffffffffffffff

Linker script and memory map

LOAD /tmp/ccIH6QTL.o
LOAD ../libopencm3/lib/libopencm3_stm32f4.a
START GROUP
LOAD /usr/lib/gcc/arm-none-eabi/10.3.1/thumb/v7e-m+fp/hard/libgcc.a
LOAD /usr/lib/gcc/arm-none-eabi/10.3.1/../../../arm-none-eabi/lib/thumb/v7e-m+fp/hard/libg_nano.a
LOAD /usr/lib/gcc/arm-none-eabi/10.3.1/../../../arm-none-eabi/lib/thumb/v7e-m+fp/hard/libc_nano.a
END GROUP
START GROUP
LOAD /usr/lib/gcc/arm-none-eabi/10.3.1/thumb/v7e-m+fp/hard/libgcc.a
LOAD /usr/lib/gcc/arm-none-eabi/10.3.1/../../../arm-none-eabi/lib/thumb/v7e-m+fp/hard/libc_nano.a
END GROUP

.text           0x0000000008000000      0x4d0
 *(.vectors)
 .vectors       0x0000000008000000      0x1ac ../libopencm3/lib/libopencm3_stm32f4.a(vector.o)
                0x0000000008000000                vector_table
 *(.text*)
 .text          0x00000000080001ac        0x0 /tmp/ccIH6QTL.o
 .text.startup  0x00000000080001ac       0x58 /tmp/ccIH6QTL.o
                0x00000000080001ac                main
 .text          0x0000000008000204        0x0 ../libopencm3/lib/libopencm3_stm32f4.a(gpio_common_all.o)
 .text.gpio_set
                0x0000000008000204        0x4 ../libopencm3/lib/libopencm3_stm32f4.a(gpio_common_all.o)
                0x0000000008000204                gpio_set
 .text.gpio_clear
                0x0000000008000208        0x6 ../libopencm3/lib/libopencm3_stm32f4.a(gpio_common_all.o)
                0x0000000008000208                gpio_clear
 .text.gpio_get
                0x000000000800020e        0x6 ../libopencm3/lib/libopencm3_stm32f4.a(gpio_common_all.o)
                0x000000000800020e                gpio_get
 .text.gpio_toggle
                0x0000000008000214       0x12 ../libopencm3/lib/libopencm3_stm32f4.a(gpio_common_all.o)
                0x0000000008000214                gpio_toggle
 .text.gpio_port_read
                0x0000000008000226        0x6 ../libopencm3/lib/libopencm3_stm32f4.a(gpio_common_all.o)
                0x0000000008000226                gpio_port_read
 .text.gpio_port_write
                0x000000000800022c        0x4 ../libopencm3/lib/libopencm3_stm32f4.a(gpio_common_all.o)
                0x000000000800022c                gpio_port_write
 .text.gpio_port_config_lock
                0x0000000008000230       0x10 ../libopencm3/lib/libopencm3_stm32f4.a(gpio_common_all.o)
                0x0000000008000230                gpio_port_config_lock
 .text          0x0000000008000240        0x0 ../libopencm3/lib/libopencm3_stm32f4.a(gpio_common_f0234.o)
 .text.gpio_mode_setup
                0x0000000008000240       0x40 ../libopencm3/lib/libopencm3_stm32f4.a(gpio_common_f0234.o)
                0x0000000008000240                gpio_mode_setup
 .text.gpio_set_output_options
                0x0000000008000280       0x36 ../libopencm3/lib/libopencm3_stm32f4.a(gpio_common_f0234.o)
                0x0000000008000280                gpio_set_output_options
 .text.gpio_set_af
                0x00000000080002b6       0x58 ../libopencm3/lib/libopencm3_stm32f4.a(gpio_common_f0234.o)
                0x00000000080002b6                gpio_set_af
 .text          0x000000000800030e        0x0 ../libopencm3/lib/libopencm3_stm32f4.a(rcc_common_all.o)
 .text.rcc_peripheral_enable_clock
                0x000000000800030e        0x8 ../libopencm3/lib/libopencm3_stm32f4.a(rcc_common_all.o)
                0x000000000800030e                rcc_peripheral_enable_clock
 .text.rcc_peripheral_disable_clock
                0x0000000008000316        0xa ../libopencm3/lib/libopencm3_stm32f4.a(rcc_common_all.o)
                0x0000000008000316                rcc_peripheral_disable_clock
 .text.rcc_peripheral_reset
                0x0000000008000320        0x8 ../libopencm3/lib/libopencm3_stm32f4.a(rcc_common_all.o)
                0x0000000008000320                rcc_peripheral_reset
 .text.rcc_peripheral_clear_reset
                0x0000000008000328        0xa ../libopencm3/lib/libopencm3_stm32f4.a(rcc_common_all.o)
                0x0000000008000328                rcc_peripheral_clear_reset
 .text.rcc_periph_clock_enable
                0x0000000008000332       0x1c ../libopencm3/lib/libopencm3_stm32f4.a(rcc_common_all.o)
                0x0000000008000332                rcc_periph_clock_enable
 .text.rcc_periph_clock_disable
                0x000000000800034e       0x1e ../libopencm3/lib/libopencm3_stm32f4.a(rcc_common_all.o)
                0x000000000800034e                rcc_periph_clock_disable
 .text.rcc_periph_reset_pulse
                0x000000000800036c       0x24 ../libopencm3/lib/libopencm3_stm32f4.a(rcc_common_all.o)
                0x000000000800036c                rcc_periph_reset_pulse
 .text.rcc_periph_reset_hold
                0x0000000008000390        0x4 ../libopencm3/lib/libopencm3_stm32f4.a(rcc_common_all.o)
                0x0000000008000390                rcc_periph_reset_hold
 .text.rcc_periph_reset_release
                0x0000000008000394        0x4 ../libopencm3/lib/libopencm3_stm32f4.a(rcc_common_all.o)
                0x0000000008000394                rcc_periph_reset_release
 .text.rcc_set_mco
                0x0000000008000398       0x18 ../libopencm3/lib/libopencm3_stm32f4.a(rcc_common_all.o)
                0x0000000008000398                rcc_set_mco
 .text.rcc_osc_bypass_enable
                0x00000000080003b0       0x30 ../libopencm3/lib/libopencm3_stm32f4.a(rcc_common_all.o)
                0x00000000080003b0                rcc_osc_bypass_enable
 .text.rcc_osc_bypass_disable
                0x00000000080003e0       0x30 ../libopencm3/lib/libopencm3_stm32f4.a(rcc_common_all.o)
                0x00000000080003e0                rcc_osc_bypass_disable
 .text.rcc_get_div_from_hpre
                0x0000000008000410       0x1c ../libopencm3/lib/libopencm3_stm32f4.a(rcc_common_all.o)
                0x0000000008000410                rcc_get_div_from_hpre
 .text          0x000000000800042c        0x0 ../libopencm3/lib/libopencm3_stm32f4.a(vector.o)
 .text.blocking_handler
                0x000000000800042c        0x2 ../libopencm3/lib/libopencm3_stm32f4.a(vector.o)
                0x000000000800042c                dma2_stream1_isr
                0x000000000800042c                tim8_brk_tim12_isr
                0x000000000800042c                dma1_stream7_isr
                0x000000000800042c                usart3_isr
                0x000000000800042c                tim7_isr
                0x000000000800042c                dma2d_isr
                0x000000000800042c                uart8_isr
                0x000000000800042c                dma1_stream2_isr
                0x000000000800042c                otg_hs_isr
                0x000000000800042c                blocking_handler
                0x000000000800042c                tim5_isr
                0x000000000800042c                rtc_wkup_isr
                0x000000000800042c                otg_fs_isr
                0x000000000800042c                spi1_isr
                0x000000000800042c                i2c3_er_isr
                0x000000000800042c                exti2_isr
                0x000000000800042c                spi5_isr
                0x000000000800042c                usb_fs_wkup_isr
                0x000000000800042c                tamp_stamp_isr
                0x000000000800042c                can1_rx1_isr
                0x000000000800042c                dma2_stream0_isr
                0x000000000800042c                usart1_isr
                0x000000000800042c                i2c3_ev_isr
                0x000000000800042c                usage_fault_handler
                0x000000000800042c                can2_rx0_isr
                0x000000000800042c                dma1_stream6_isr
                0x000000000800042c                can2_rx1_isr
                0x000000000800042c                can1_sce_isr
                0x000000000800042c                tim1_cc_isr
                0x000000000800042c                can1_tx_isr
                0x000000000800042c                tim1_up_tim10_isr
                0x000000000800042c                sdio_isr
                0x000000000800042c                eth_isr
                0x000000000800042c                spi6_isr
                0x000000000800042c                dma2_stream5_isr
                0x000000000800042c                pvd_isr
                0x000000000800042c                can1_rx0_isr
                0x000000000800042c                rcc_isr
                0x000000000800042c                dma2_stream3_isr
                0x000000000800042c                flash_isr
                0x000000000800042c                uart4_isr
                0x000000000800042c                lcd_tft_isr
                0x000000000800042c                rtc_alarm_isr
                0x000000000800042c                exti15_10_isr
                0x000000000800042c                hash_rng_isr
                0x000000000800042c                tim1_trg_com_tim11_isr
                0x000000000800042c                hard_fault_handler
                0x000000000800042c                exti1_isr
                0x000000000800042c                i2c1_ev_isr
                0x000000000800042c                usart6_isr
                0x000000000800042c                spi2_isr
                0x000000000800042c                cryp_isr
                0x000000000800042c                nvic_wwdg_isr
                0x000000000800042c                dma1_stream1_isr
                0x000000000800042c                dma2_stream4_isr
                0x000000000800042c                exti3_isr
                0x000000000800042c                tim3_isr
                0x000000000800042c                usart2_isr
                0x000000000800042c                sai1_isr
                0x000000000800042c                fpu_isr
                0x000000000800042c                dma1_stream4_isr
                0x000000000800042c                i2c2_er_isr
                0x000000000800042c                i2c2_ev_isr
                0x000000000800042c                uart5_isr
                0x000000000800042c                dma2_stream6_isr
                0x000000000800042c                spi4_isr
                0x000000000800042c                adc_isr
                0x000000000800042c                dma2_stream7_isr
                0x000000000800042c                tim8_up_tim13_isr
                0x000000000800042c                fsmc_isr
                0x000000000800042c                exti4_isr
                0x000000000800042c                tim6_dac_isr
                0x000000000800042c                dma1_stream3_isr
                0x000000000800042c                tim8_trg_com_tim14_isr
                0x000000000800042c                mem_manage_handler
                0x000000000800042c                lcd_tft_err_isr
                0x000000000800042c                can2_tx_isr
                0x000000000800042c                exti9_5_isr
                0x000000000800042c                tim1_brk_tim9_isr
                0x000000000800042c                uart7_isr
                0x000000000800042c                can2_sce_isr
                0x000000000800042c                tim4_isr
                0x000000000800042c                otg_hs_wkup_isr
                0x000000000800042c                i2c1_er_isr
                0x000000000800042c                dma1_stream0_isr
                0x000000000800042c                tim8_cc_isr
                0x000000000800042c                dcmi_isr
                0x000000000800042c                dma2_stream2_isr
                0x000000000800042c                eth_wkup_isr
                0x000000000800042c                bus_fault_handler
                0x000000000800042c                otg_hs_ep1_out_isr
                0x000000000800042c                spi3_isr
                0x000000000800042c                dma1_stream5_isr
                0x000000000800042c                otg_hs_ep1_in_isr
                0x000000000800042c                tim2_isr
                0x000000000800042c                exti0_isr
 .text.null_handler
                0x000000000800042e        0x2 ../libopencm3/lib/libopencm3_stm32f4.a(vector.o)
                0x000000000800042e                null_handler
                0x000000000800042e                sv_call_handler
                0x000000000800042e                pend_sv_handler
                0x000000000800042e                debug_monitor_handler
                0x000000000800042e                sys_tick_handler
                0x000000000800042e                nmi_handler
 .text.reset_handler
                0x0000000008000430       0xa0 ../libopencm3/lib/libopencm3_stm32f4.a(vector.o)
                0x0000000008000430                reset_handler
                0x00000000080004d0                . = ALIGN (0x4)
 *(.rodata*)
                0x00000000080004d0                . = ALIGN (0x4)

.glue_7         0x00000000080004d0        0x0
 .glue_7        0x00000000080004d0        0x0 linker stubs

.glue_7t        0x00000000080004d0        0x0
 .glue_7t       0x00000000080004d0        0x0 linker stubs

.vfp11_veneer   0x00000000080004d0        0x0
 .vfp11_veneer  0x00000000080004d0        0x0 linker stubs

.v4_bx          0x00000000080004d0        0x0
 .v4_bx         0x00000000080004d0        0x0 linker stubs

.iplt           0x00000000080004d0        0x0
 .iplt          0x00000000080004d0        0x0 /tmp/ccIH6QTL.o

.rel.dyn        0x00000000080004d0        0x0
 .rel.iplt      0x00000000080004d0        0x0 /tmp/ccIH6QTL.o

.preinit_array  0x00000000080004d0        0x0
                0x00000000080004d0                . = ALIGN (0x4)
                0x00000000080004d0                __preinit_array_start = .
 *(.preinit_array)
                0x00000000080004d0                __preinit_array_end = .

.init_array     0x00000000080004d0        0x0
                0x00000000080004d0                . = ALIGN (0x4)
                0x00000000080004d0                __init_array_start = .
 *(SORT_BY_NAME(.init_array.*))
 *(.init_array)
                0x00000000080004d0                __init_array_end = .

.fini_array     0x00000000080004d0        0x0
                0x00000000080004d0                . = ALIGN (0x4)
                0x00000000080004d0                __fini_array_start = .
 *(.fini_array)
 *(SORT_BY_NAME(.fini_array.*))
                0x00000000080004d0                __fini_array_end = .

.ARM.extab
 *(.ARM.extab*)

.ARM.exidx      0x00000000080004d0        0x0
                0x00000000080004d0                __exidx_start = .
 *(.ARM.exidx*)
                0x00000000080004d0                __exidx_end = .
                0x00000000080004d0                . = ALIGN (0x4)
                0x00000000080004d0                _etext = .

.noinit
 *(.noinit*)
                0x00000000080004d0                . = ALIGN (0x4)

.data           0x0000000020000000        0x0 load address 0x00000000080004d0
                0x0000000020000000                _data = .
 *(.data*)
 .data          0x0000000020000000        0x0 /tmp/ccIH6QTL.o
 .data          0x0000000020000000        0x0 ../libopencm3/lib/libopencm3_stm32f4.a(gpio_common_all.o)
 .data          0x0000000020000000        0x0 ../libopencm3/lib/libopencm3_stm32f4.a(gpio_common_f0234.o)
 .data          0x0000000020000000        0x0 ../libopencm3/lib/libopencm3_stm32f4.a(rcc_common_all.o)
 .data          0x0000000020000000        0x0 ../libopencm3/lib/libopencm3_stm32f4.a(vector.o)
 *(.ramtext*)
                0x0000000020000000                . = ALIGN (0x4)
                0x0000000020000000                _edata = .
                0x00000000080004d0                _data_loadaddr = LOADADDR (.data)

.igot.plt       0x0000000020000000        0x0 load address 0x00000000080004d0
 .igot.plt      0x0000000020000000        0x0 /tmp/ccIH6QTL.o

.bss            0x0000000020000000        0x0 load address 0x00000000080004d0
 *(.bss*)
 .bss           0x0000000020000000        0x0 /tmp/ccIH6QTL.o
 .bss           0x0000000020000000        0x0 ../libopencm3/lib/libopencm3_stm32f4.a(gpio_common_all.o)
 .bss           0x0000000020000000        0x0 ../libopencm3/lib/libopencm3_stm32f4.a(gpio_common_f0234.o)
 .bss           0x0000000020000000        0x0 ../libopencm3/lib/libopencm3_stm32f4.a(rcc_common_all.o)
 .bss           0x0000000020000000        0x0 ../libopencm3/lib/libopencm3_stm32f4.a(vector.o)
 *(COMMON)
                0x0000000020000000                . = ALIGN (0x4)
                0x0000000020000000                _ebss = .

/DISCARD/
 *(.eh_frame)
                0x0000000020000000                . = ALIGN (0x4)
                0x0000000020000000                end = .
                0x0000000020020000                PROVIDE (_stack = (ORIGIN (ram) + LENGTH (ram)))
OUTPUT(button.elf elf32-littlearm)
LOAD linker stubs

.debug_info     0x0000000000000000     0x1674
 .debug_info    0x0000000000000000      0x5e1 /tmp/ccIH6QTL.o
 .debug_info    0x00000000000005e1      0x24e ../libopencm3/lib/libopencm3_stm32f4.a(gpio_common_all.o)
 .debug_info    0x000000000000082f      0x20f ../libopencm3/lib/libopencm3_stm32f4.a(gpio_common_f0234.o)
 .debug_info    0x0000000000000a3e      0x950 ../libopencm3/lib/libopencm3_stm32f4.a(rcc_common_all.o)
 .debug_info    0x000000000000138e      0x2e6 ../libopencm3/lib/libopencm3_stm32f4.a(vector.o)

.debug_abbrev   0x0000000000000000      0x57e
 .debug_abbrev  0x0000000000000000       0xd7 /tmp/ccIH6QTL.o
 .debug_abbrev  0x00000000000000d7      0x116 ../libopencm3/lib/libopencm3_stm32f4.a(gpio_common_all.o)
 .debug_abbrev  0x00000000000001ed       0xbf ../libopencm3/lib/libopencm3_stm32f4.a(gpio_common_f0234.o)
 .debug_abbrev  0x00000000000002ac      0x177 ../libopencm3/lib/libopencm3_stm32f4.a(rcc_common_all.o)
 .debug_abbrev  0x0000000000000423      0x15b ../libopencm3/lib/libopencm3_stm32f4.a(vector.o)

.debug_aranges  0x0000000000000000      0x130
 .debug_aranges
                0x0000000000000000       0x20 /tmp/ccIH6QTL.o
 .debug_aranges
                0x0000000000000020       0x50 ../libopencm3/lib/libopencm3_stm32f4.a(gpio_common_all.o)
 .debug_aranges
                0x0000000000000070       0x30 ../libopencm3/lib/libopencm3_stm32f4.a(gpio_common_f0234.o)
 .debug_aranges
                0x00000000000000a0       0x60 ../libopencm3/lib/libopencm3_stm32f4.a(rcc_common_all.o)
 .debug_aranges
                0x0000000000000100       0x30 ../libopencm3/lib/libopencm3_stm32f4.a(vector.o)

.debug_ranges   0x0000000000000000      0x100
 .debug_ranges  0x0000000000000000       0x30 /tmp/ccIH6QTL.o
 .debug_ranges  0x0000000000000030       0x40 ../libopencm3/lib/libopencm3_stm32f4.a(gpio_common_all.o)
 .debug_ranges  0x0000000000000070       0x20 ../libopencm3/lib/libopencm3_stm32f4.a(gpio_common_f0234.o)
 .debug_ranges  0x0000000000000090       0x50 ../libopencm3/lib/libopencm3_stm32f4.a(rcc_common_all.o)
 .debug_ranges  0x00000000000000e0       0x20 ../libopencm3/lib/libopencm3_stm32f4.a(vector.o)

.debug_line     0x0000000000000000      0xd6b
 .debug_line    0x0000000000000000      0x110 /tmp/ccIH6QTL.o
 .debug_line    0x0000000000000110      0x2a6 ../libopencm3/lib/libopencm3_stm32f4.a(gpio_common_all.o)
 .debug_line    0x00000000000003b6      0x38e ../libopencm3/lib/libopencm3_stm32f4.a(gpio_common_f0234.o)
 .debug_line    0x0000000000000744      0x305 ../libopencm3/lib/libopencm3_stm32f4.a(rcc_common_all.o)
 .debug_line    0x0000000000000a49      0x322 ../libopencm3/lib/libopencm3_stm32f4.a(vector.o)

.debug_str      0x0000000000000000     0xd719
 .debug_str     0x0000000000000000      0x6eb /tmp/ccIH6QTL.o
                                        0x774 (size before relaxing)
 .debug_str     0x00000000000006eb     0x6078 ../libopencm3/lib/libopencm3_stm32f4.a(gpio_common_all.o)
                                       0x6202 (size before relaxing)
 .debug_str     0x0000000000006763       0x92 ../libopencm3/lib/libopencm3_stm32f4.a(gpio_common_f0234.o)
                                       0x621a (size before relaxing)
 .debug_str     0x00000000000067f5     0x41be ../libopencm3/lib/libopencm3_stm32f4.a(rcc_common_all.o)
                                       0x95b7 (size before relaxing)
 .debug_str     0x000000000000a9b3     0x2d66 ../libopencm3/lib/libopencm3_stm32f4.a(vector.o)
                                       0x6b21 (size before relaxing)

.comment        0x0000000000000000       0x33
 .comment       0x0000000000000000       0x33 /tmp/ccIH6QTL.o
                                         0x34 (size before relaxing)
 .comment       0x0000000000000033       0x34 ../libopencm3/lib/libopencm3_stm32f4.a(gpio_common_all.o)
 .comment       0x0000000000000033       0x34 ../libopencm3/lib/libopencm3_stm32f4.a(gpio_common_f0234.o)
 .comment       0x0000000000000033       0x34 ../libopencm3/lib/libopencm3_stm32f4.a(rcc_common_all.o)
 .comment       0x0000000000000033       0x34 ../libopencm3/lib/libopencm3_stm32f4.a(vector.o)

.ARM.attributes
                0x0000000000000000       0x34
 .ARM.attributes
                0x0000000000000000       0x34 /tmp/ccIH6QTL.o
 .ARM.attributes
                0x0000000000000034       0x34 ../libopencm3/lib/libopencm3_stm32f4.a(gpio_common_all.o)
 .ARM.attributes
                0x0000000000000068       0x34 ../libopencm3/lib/libopencm3_stm32f4.a(gpio_common_f0234.o)
 .ARM.attributes
                0x000000000000009c       0x34 ../libopencm3/lib/libopencm3_stm32f4.a(rcc_common_all.o)
 .ARM.attributes
                0x00000000000000d0       0x34 ../libopencm3/lib/libopencm3_stm32f4.a(vector.o)

.debug_frame    0x0000000000000000      0x244
 .debug_frame   0x0000000000000000       0x28 /tmp/ccIH6QTL.o
 .debug_frame   0x0000000000000028       0x80 ../libopencm3/lib/libopencm3_stm32f4.a(gpio_common_all.o)
 .debug_frame   0x00000000000000a8       0x70 ../libopencm3/lib/libopencm3_stm32f4.a(gpio_common_f0234.o)
 .debug_frame   0x0000000000000118       0xe0 ../libopencm3/lib/libopencm3_stm32f4.a(rcc_common_all.o)
 .debug_frame   0x00000000000001f8       0x4c ../libopencm3/lib/libopencm3_stm32f4.a(vector.o)

.debug_loc      0x0000000000000000      0x455
 .debug_loc     0x0000000000000000       0xbe ../libopencm3/lib/libopencm3_stm32f4.a(gpio_common_all.o)
 .debug_loc     0x00000000000000be      0x14f ../libopencm3/lib/libopencm3_stm32f4.a(gpio_common_f0234.o)
 .debug_loc     0x000000000000020d      0x120 ../libopencm3/lib/libopencm3_stm32f4.a(rcc_common_all.o)
 .debug_loc     0x000000000000032d      0x128 ../libopencm3/lib/libopencm3_stm32f4.a(vector.o)

.debug_macro    0x0000000000000000     0x2d8d
 .debug_macro   0x0000000000000000       0x88 ../libopencm3/lib/libopencm3_stm32f4.a(gpio_common_all.o)
 .debug_macro   0x0000000000000088      0xa6c ../libopencm3/lib/libopencm3_stm32f4.a(gpio_common_all.o)
 .debug_macro   0x0000000000000af4       0x1c ../libopencm3/lib/libopencm3_stm32f4.a(gpio_common_all.o)
 .debug_macro   0x0000000000000b10      0x34e ../libopencm3/lib/libopencm3_stm32f4.a(gpio_common_all.o)
 .debug_macro   0x0000000000000e5e       0x22 ../libopencm3/lib/libopencm3_stm32f4.a(gpio_common_all.o)
 .debug_macro   0x0000000000000e80       0xe8 ../libopencm3/lib/libopencm3_stm32f4.a(gpio_common_all.o)
 .debug_macro   0x0000000000000f68       0x76 ../libopencm3/lib/libopencm3_stm32f4.a(gpio_common_all.o)
 .debug_macro   0x0000000000000fde      0x280 ../libopencm3/lib/libopencm3_stm32f4.a(gpio_common_all.o)
 .debug_macro   0x000000000000125e       0x76 ../libopencm3/lib/libopencm3_stm32f4.a(gpio_common_all.o)
 .debug_macro   0x00000000000012d4      0x37e ../libopencm3/lib/libopencm3_stm32f4.a(gpio_common_all.o)
 .debug_macro   0x0000000000001652       0xca ../libopencm3/lib/libopencm3_stm32f4.a(gpio_common_all.o)
 .debug_macro   0x000000000000171c       0x88 ../libopencm3/lib/libopencm3_stm32f4.a(gpio_common_f0234.o)
 .debug_macro   0x00000000000017a4       0xa7 ../libopencm3/lib/libopencm3_stm32f4.a(rcc_common_all.o)
 .debug_macro   0x000000000000184b       0x8e ../libopencm3/lib/libopencm3_stm32f4.a(rcc_common_all.o)
 .debug_macro   0x00000000000018d9       0x46 ../libopencm3/lib/libopencm3_stm32f4.a(rcc_common_all.o)
 .debug_macro   0x000000000000191f      0xcea ../libopencm3/lib/libopencm3_stm32f4.a(rcc_common_all.o)
 .debug_macro   0x0000000000002609       0x8a ../libopencm3/lib/libopencm3_stm32f4.a(vector.o)
 .debug_macro   0x0000000000002693      0x460 ../libopencm3/lib/libopencm3_stm32f4.a(vector.o)
 .debug_macro   0x0000000000002af3       0x6e ../libopencm3/lib/libopencm3_stm32f4.a(vector.o)
 .debug_macro   0x0000000000002b61      0x22c ../libopencm3/lib/libopencm3_stm32f4.a(vector.o)
